Using device: cuda:0
paths to all stat files:
/ceph/mrsic_flogel/public/projects/AtApSuKuSaRe_20250129_HFScohort2/TAA0000066/ses-005_date-20250218_protocol-t0/funcimg/Session/suite2p/plane0/stat.npy
/ceph/mrsic_flogel/public/projects/AtApSuKuSaRe_20250129_HFScohort2/TAA0000066/ses-006_date-20250224_protocol-t1/funcimg/Session/suite2p/plane0/stat.npy
/ceph/mrsic_flogel/public/projects/AtApSuKuSaRe_20250129_HFScohort2/TAA0000066/ses-007_date-20250304_protocol-t2/funcimg/Session/suite2p/plane0/stat.npy
/ceph/mrsic_flogel/public/projects/AtApSuKuSaRe_20250129_HFScohort2/TAA0000066/ses-008_date-20250306_protocol-t3/funcimg/Session/suite2p/plane0/stat.npy
/ceph/mrsic_flogel/public/projects/AtApSuKuSaRe_20250129_HFScohort2/TAA0000066/ses-010_date-20250314_protocol-t4/funcimg/Session/suite2p/plane0/stat.npy
/ceph/mrsic_flogel/public/projects/AtApSuKuSaRe_20250129_HFScohort2/TAA0000066/ses-011_date-20250315_protocol-t5/funcimg/Session/suite2p/plane0/stat.npy
/ceph/mrsic_flogel/public/projects/AtApSuKuSaRe_20250129_HFScohort2/TAA0000066/ses-012_date-20250318_protocol-t6/funcimg/Session/suite2p/plane0/stat.npy
/ceph/mrsic_flogel/public/projects/AtApSuKuSaRe_20250129_HFScohort2/TAA0000066/ses-013_date-20250320_protocol-t7/funcimg/Session/suite2p/plane0/stat.npy
/ceph/mrsic_flogel/public/projects/AtApSuKuSaRe_20250129_HFScohort2/TAA0000066/ses-014_date-20250326_protocol-t8/funcimg/Session/suite2p/plane0/stat.npy
/ceph/mrsic_flogel/public/projects/AtApSuKuSaRe_20250129_HFScohort2/TAA0000066/ses-015_date-20250327_protocol-t9/funcimg/Session/suite2p/plane0/stat.npy
/ceph/mrsic_flogel/public/projects/AtApSuKuSaRe_20250129_HFScohort2/TAA0000066/ses-016_date-20250330_protocol-t10/funcimg/Session/suite2p/plane0/stat.npy
/ceph/mrsic_flogel/public/projects/AtApSuKuSaRe_20250129_HFScohort2/TAA0000066/ses-017_date-20250331_protocol-t11/funcimg/Session/suite2p/plane0/stat.npy
/ceph/mrsic_flogel/public/projects/AtApSuKuSaRe_20250129_HFScohort2/TAA0000066/ses-018_date-20250403_protocol-t12/funcimg/Session/suite2p/plane0/stat.npy
/ceph/mrsic_flogel/public/projects/AtApSuKuSaRe_20250129_HFScohort2/TAA0000066/ses-019_date-20250404_protocol-t13/funcimg/Session/suite2p/plane0/stat.npy
/ceph/mrsic_flogel/public/projects/AtApSuKuSaRe_20250129_HFScohort2/TAA0000066/ses-020_date-20250412_protocol-t14/funcimg/Session/suite2p/plane0/stat.npy
/ceph/mrsic_flogel/public/projects/AtApSuKuSaRe_20250129_HFScohort2/TAA0000066/ses-021_date-20250426_protocol-t15/funcimg/Session/suite2p/plane0/stat.npy
/ceph/mrsic_flogel/public/projects/AtApSuKuSaRe_20250129_HFScohort2/TAA0000066/ses-022_date-20250509_protocol-t16/funcimg/Session/suite2p/plane0/stat.npy
/ceph/mrsic_flogel/public/projects/AtApSuKuSaRe_20250129_HFScohort2/TAA0000066/ses-023_date-20250516_protocol-t17/funcimg/Session/suite2p/plane0/stat.npy

paths to all ops files:
/ceph/mrsic_flogel/public/projects/AtApSuKuSaRe_20250129_HFScohort2/TAA0000066/ses-005_date-20250218_protocol-t0/funcimg/Session/suite2p/plane0/ops.npy
/ceph/mrsic_flogel/public/projects/AtApSuKuSaRe_20250129_HFScohort2/TAA0000066/ses-006_date-20250224_protocol-t1/funcimg/Session/suite2p/plane0/ops.npy
/ceph/mrsic_flogel/public/projects/AtApSuKuSaRe_20250129_HFScohort2/TAA0000066/ses-007_date-20250304_protocol-t2/funcimg/Session/suite2p/plane0/ops.npy
/ceph/mrsic_flogel/public/projects/AtApSuKuSaRe_20250129_HFScohort2/TAA0000066/ses-008_date-20250306_protocol-t3/funcimg/Session/suite2p/plane0/ops.npy
/ceph/mrsic_flogel/public/projects/AtApSuKuSaRe_20250129_HFScohort2/TAA0000066/ses-010_date-20250314_protocol-t4/funcimg/Session/suite2p/plane0/ops.npy
/ceph/mrsic_flogel/public/projects/AtApSuKuSaRe_20250129_HFScohort2/TAA0000066/ses-011_date-20250315_protocol-t5/funcimg/Session/suite2p/plane0/ops.npy
/ceph/mrsic_flogel/public/projects/AtApSuKuSaRe_20250129_HFScohort2/TAA0000066/ses-012_date-20250318_protocol-t6/funcimg/Session/suite2p/plane0/ops.npy
/ceph/mrsic_flogel/public/projects/AtApSuKuSaRe_20250129_HFScohort2/TAA0000066/ses-013_date-20250320_protocol-t7/funcimg/Session/suite2p/plane0/ops.npy
/ceph/mrsic_flogel/public/projects/AtApSuKuSaRe_20250129_HFScohort2/TAA0000066/ses-014_date-20250326_protocol-t8/funcimg/Session/suite2p/plane0/ops.npy
/ceph/mrsic_flogel/public/projects/AtApSuKuSaRe_20250129_HFScohort2/TAA0000066/ses-015_date-20250327_protocol-t9/funcimg/Session/suite2p/plane0/ops.npy
/ceph/mrsic_flogel/public/projects/AtApSuKuSaRe_20250129_HFScohort2/TAA0000066/ses-016_date-20250330_protocol-t10/funcimg/Session/suite2p/plane0/ops.npy
/ceph/mrsic_flogel/public/projects/AtApSuKuSaRe_20250129_HFScohort2/TAA0000066/ses-017_date-20250331_protocol-t11/funcimg/Session/suite2p/plane0/ops.npy
/ceph/mrsic_flogel/public/projects/AtApSuKuSaRe_20250129_HFScohort2/TAA0000066/ses-018_date-20250403_protocol-t12/funcimg/Session/suite2p/plane0/ops.npy
/ceph/mrsic_flogel/public/projects/AtApSuKuSaRe_20250129_HFScohort2/TAA0000066/ses-019_date-20250404_protocol-t13/funcimg/Session/suite2p/plane0/ops.npy
/ceph/mrsic_flogel/public/projects/AtApSuKuSaRe_20250129_HFScohort2/TAA0000066/ses-020_date-20250412_protocol-t14/funcimg/Session/suite2p/plane0/ops.npy
/ceph/mrsic_flogel/public/projects/AtApSuKuSaRe_20250129_HFScohort2/TAA0000066/ses-021_date-20250426_protocol-t15/funcimg/Session/suite2p/plane0/ops.npy
/ceph/mrsic_flogel/public/projects/AtApSuKuSaRe_20250129_HFScohort2/TAA0000066/ses-022_date-20250509_protocol-t16/funcimg/Session/suite2p/plane0/ops.npy
/ceph/mrsic_flogel/public/projects/AtApSuKuSaRe_20250129_HFScohort2/TAA0000066/ses-023_date-20250516_protocol-t17/funcimg/Session/suite2p/plane0/ops.npy
Starting: Importing FOV images from ops files
Completed: Set FOV_height and FOV_width successfully.
Completed: Imported 18 FOV images.
Setting FOV_images...
Completed: Set FOV_images for 18 sessions successfully.
Importing spatial footprints from stat files.
Imported 18 sessions of spatial footprints into sparse arrays.
Completed: Created session_bool.
Completed: Set spatialFootprints for 18 sessions successfully.
Completed: Created centroids.
Starting: Creating centered ROI images from spatial footprints...
Completed: Created ROI images.
Loaded LightGlue model
Converting float fractional index to integer index: 0.5 -> 9
Alignment z_in scores: [8.5, 18.3, 14.7, 20.1, 38.3, 30.2, 37.6, 33.8, 39.9, 1965523072.0, 33.1, 40.4, 17.0, 19.3, 40.8, 15.0, 11.3, 8.8]. z_threshold: 4.0.
All images aligned successfully!
Converting float fractional index to integer index: 0.5 -> 9
Finding nonrigid registration warps with mode: DeepFlow, template_method: image
Composing nonrigid warp matrices...
Applying nonrigid registration warps to images...
Registering ROIs...
Preparing the Toeplitz convolution matrix
Performing convolution for blurring
File does not exist locally: /tmp/ROInet.zip. Will attempt download from https://osf.io/x3fd2/download
Hash of downloaded file matches hash_hex.
Extracting /tmp/ROInet.zip to /tmp.
Completed zip extraction.
Imported model from /tmp/ROInet_tracking_20220527/model.py
Loaded params_model from /tmp/ROInet_tracking_20220527/params.json
Generated network using params_model
Loaded state_dict into network from /tmp/ROInet_tracking_20220527/ConvNext_tiny__1_0_best__simCLR.pth
Loaded network onto device cuda:0
Starting Image Resizer
Creating dataloader
Defined image transformations: Sequential(
  (0): ScaleDynamicRange(scaler_bounds=(0, 1))
  (1): Resize(size=(224, 224), interpolation=bilinear, max_size=None, antialias=True)
  (2): TileChannels(dim=0)
)
Defined dataset
Defined dataloader
starting: running data through network
completed: running data through network
SWT initialized
Starting: SWT transform on ROIs
Completed: SWT transform on ROIs
Computing pairwise similarity between ROIs...
Joining blocks into full similarity matrices...
Joining s_sf...
Joining s_NN...
Joining s_SWT...
Joining s_sesh...
Finding k-range of center of mass distance neighbors for each ROI...
Normalizing Neural Network similarity scores...
Normalizing SWT similarity scores...
Finding mixing parameters using automated hyperparameter tuning...
Completed automatic parameter search. Best value found: 13617754.0 with parameters {'power_NN': 0.011920267698570755, 'power_SWT': 0.00468409765081939, 'p_norm': -1.5796855947578936, 'sig_NN_kwargs': {'mu': 0.009549099973865986, 'b': 1.3739566352385162}, 'sig_SWT_kwargs': {'mu': 0.029570315560176884, 'b': 1.1504194824849074}}
Pruning similarity graphs with d_cutoff = 0.6666666865348816...
Fitting with HDBSCAN and splitting clusters with multiple ROIs per session
Initial number of violating clusters: 241
Initial number of violating clusters: 128
Initial number of violating clusters: 104
Initial number of violating clusters: 100
Initial number of violating clusters: 101
Initial number of violating clusters: 100
Warning: Similarity matrix is not symmetric.
Warning: Similarity matrix diagonal is not all ones. Will set diagonal to all ones.
Number of clusters: 850
Number of discarded ROIs: 950
